---
# Source: coder-logstream-kube/templates/service.yaml
apiVersion: v1
kind: ServiceAccount
metadata:
  name: "coder-logstream-kube"
  annotations: 
    {}
  labels: 
    {}
---
# Source: coder-logstream-kube/templates/service.yaml
apiVersion: rbac.authorization.k8s.io/v1
kind: Role
metadata:
  name: coder-logstream-kube-role
  namespace: coder
rules:

  - apiGroups: [""]
    resources: ["pods", "events"]
    verbs: ["get", "watch", "list"]
  - apiGroups: [""]
    resources: ["secrets"]
    verbs: ["get"]
  - apiGroups: ["apps"]
    resources: ["replicasets", "events"]
    verbs: ["get", "watch", "list"]
---
# Source: coder-logstream-kube/templates/service.yaml
apiVersion: rbac.authorization.k8s.io/v1
kind: Role
metadata:
  name: coder-logstream-kube-role
  namespace: coder-workloads
rules:

  - apiGroups: [""]
    resources: ["pods", "events"]
    verbs: ["get", "watch", "list"]
  - apiGroups: [""]
    resources: ["secrets"]
    verbs: ["get"]
  - apiGroups: ["apps"]
    resources: ["replicasets", "events"]
    verbs: ["get", "watch", "list"]
---
# Source: coder-logstream-kube/templates/service.yaml
apiVersion: rbac.authorization.k8s.io/v1
kind: RoleBinding
metadata:
  name: coder-logstream-kube-rolebinding
  namespace: coder
roleRef:
  apiGroup: rbac.authorization.k8s.io
  kind: Role
  name: coder-logstream-kube-role
subjects:
- kind: ServiceAccount
  name: "coder-logstream-kube"
  namespace: coder
---
# Source: coder-logstream-kube/templates/service.yaml
apiVersion: rbac.authorization.k8s.io/v1
kind: RoleBinding
metadata:
  name: coder-logstream-kube-rolebinding
  namespace: coder-workloads
roleRef:
  apiGroup: rbac.authorization.k8s.io
  kind: Role
  name: coder-logstream-kube-role
subjects:
- kind: ServiceAccount
  name: "coder-logstream-kube"
  namespace: coder
---
# Source: coder-logstream-kube/templates/service.yaml
apiVersion: apps/v1
kind: Deployment
metadata:
  name: release-name
spec:
  # This must remain at 1 otherwise duplicate logs can occur!
  replicas: 1
  selector:
    matchLabels:
      app.kubernetes.io/instance: release-name
  template:
    metadata:
      labels:
        app.kubernetes.io/instance: release-name
    spec:
      serviceAccountName: "coder-logstream-kube"
      restartPolicy: Always
      containers:
        - name: coder-logstream-kube
          image: "ghcr.io/coder/coder-logstream-kube:0.1.0"
          imagePullPolicy: IfNotPresent
          command:
            - /coder-logstream-kube
          resources: 
            {}
          env:
            - name: CODER_URL
              value: http://coder.coder.svc.cluster.local
            - name: CODER_LOGSTREAM_METRICS_ADDR
              value: ""
            - name: CODER_NAMESPACES
              value: coder,coder-workloads
          securityContext:
            allowPrivilegeEscalation: false
            runAsGroup: 65532
            runAsNonRoot: true
            runAsUser: 65532
